apiVersion: v1
kind: ServiceAccount
metadata:
  annotations: {}
  labels:
    name: upgrade-conttroller
  name: upgrade-conttroller
  namespace: syn-upgrade-controller
---
apiVersion: rbac.authorization.k8s.io/v1
kind: ClusterRoleBinding
metadata:
  annotations: {}
  labels:
    name: upgrade-conttroller
  name: upgrade-conttroller
roleRef:
  apiGroup: rbac.authorization.k8s.io
  kind: ClusterRole
  name: cluster-admin
subjects:
  - kind: ServiceAccount
    name: upgrade-conttroller
    namespace: syn-upgrade-controller
