apiVersion: upgrade.cattle.io/v1
kind: Plan
metadata:
  annotations: {}
  labels:
    name: release-upgrade
  name: release-upgrade
  namespace: syn-upgrade-controller
spec:
  concurrency: 1
  cordon: true
  nodeSelector:
    matchExpressions:
      - key: release-upgrade
        operator: NotIn
        values:
          - disabled
          - 'false'
  serviceAccountName: upgrade-conttroller
  tolerations:
    - key: CriticalAddonsOnly
      operator: Exists
    - effect: NoSchedule
      key: node-role.kubernetes.io/master
      operator: Exists
    - effect: NoSchedule
      key: node-role.kubernetes.io/controlplane
      operator: Exists
    - effect: NoSchedule
      key: node-role.kubernetes.io/control-plane
      operator: Exists
    - effect: NoExecute
      key: node-role.kubernetes.io/etcd
      operator: Exists
  upgrade:
    image: docker.io/rancher/rke2-upgrade
  version: v1.28.4+rke2r1
