apiVersion: upgrade.cattle.io/v1
kind: Plan
metadata:
  annotations: {}
  labels:
    name: release-upgrade-etcd
  name: release-upgrade-etcd
  namespace: syn-upgrade-controller
spec:
  concurrency: 1
  cordon: true
  nodeSelector:
    matchExpressions:
      - key: release-upgrade
        operator: NotIn
        values:
          - disabled
          - 'false'
      - key: node-role.kubernetes.io/etcd
        operator: Exists
  serviceAccountName: upgrade-conttroller
  tolerations:
    - effect: NoSchedule
      key: node-role.kubernetes.io/control-plane
      operator: Exists
    - effect: NoExecute
      key: node-role.kubernetes.io/etcd
      operator: Exists
  upgrade:
    image: docker.io/rancher/k3s-upgrade
  version: v1.28.4+k3s2
---
apiVersion: upgrade.cattle.io/v1
kind: Plan
metadata:
  annotations: {}
  labels:
    name: release-upgrade-worker
  name: release-upgrade-worker
  namespace: syn-upgrade-controller
spec:
  concurrency: 1
  cordon: true
  nodeSelector:
    matchExpressions:
      - key: release-upgrade
        operator: NotIn
        values:
          - disabled
          - 'false'
      - key: node-role.kubernetes.io/worker
        operator: Exists
  serviceAccountName: upgrade-conttroller
  upgrade:
    image: docker.io/rancher/k3s-upgrade
  version: v1.28.4+k3s2
